#                                                                     
# $$\                                                                 
# $$ |                                                                
# $$ |     $$\   $$\ $$$$$$\$$$$\   $$$$$$\  $$$$$$$\                 
# $$ |     $$ |  $$ |$$  _$$  _$$\ $$  __$$\ $$  __$$\                
# $$ |     $$ |  $$ |$$ / $$ / $$ |$$$$$$$$ |$$ |  $$ |               
# $$ |     $$ |  $$ |$$ | $$ | $$ |$$   ____|$$ |  $$ |               
# $$$$$$$$\\$$$$$$  |$$ | $$ | $$ |\$$$$$$$\ $$ |  $$ |               
# \________|\______/ \__| \__| \__| \_______|\__|  \__|               
#                                                                     
#                   Fork Lumen 2.1.0                                  
#                   Branch is nlresp                                  
#        MPI+OpenMP+SLK+SLEPC+HDF5_MPI_IO Build                       
#               http://www.lumen-code.org                             
#
#     |k| (a.u.)         b1                 b2                 b3                 b4                 b5                 b6                 b7                 b8                k_x (rlu)          k_y (rlu)          k_z (rlu)
#
       0.00000000        -18.2100792        -5.84630823        -1.29197872        -1.29868782         6.54921770         7.07676983         7.03318930         8.17692471         0.00000000         0.00000000         0.00000000     [G]
      0.21938773E-01     -18.206099         -5.8402286         -1.3116642         -1.3052287          6.5587926          7.0801830          7.0408440          8.1842527         0.14285713E-01     0.46566129E-09      0.0000000    
      0.43877546E-01     -18.194170         -5.8245311         -1.3636087         -1.3289275          6.5850530          7.0931711          7.0620456          8.2011070         0.28571427E-01     0.93132257E-09      0.0000000    
      0.658163205E-1     -18.1743107        -5.80325127        -1.44152176        -1.37059927         6.62230015         7.12175465         7.09555244         8.22894955        0.428571440E-1    -0.186264515E-8      0.00000000   
      0.877550915E-1     -18.1465435        -5.76925755        -1.55446303        -1.42603457         6.66311741         7.17213631         7.14117527         8.27461243        0.571428537E-1     0.186264515E-8      0.00000000   
      0.109693870        -18.1109142        -5.71830177        -1.70801544        -1.49092937         6.71536303         7.23724365         7.19771242         8.33189869        0.714285746E-1      0.00000000         0.00000000   
      0.131632641        -18.0674744        -5.65715981        -1.88915741        -1.56803668         6.78797150         7.30701065         7.27055883         8.39888000        0.857142881E-1    -0.372529030E-8      0.00000000   
      0.153571412        -18.0162907        -5.58825016        -2.08914781        -1.65983367         6.87985325         7.38116741         7.36069822         8.47915840        0.100000001         0.00000000         0.00000000   
      0.175510183        -17.9574471        -5.50881338        -2.30970955        -1.76333749         6.98380804         7.46871090         7.45896387         8.57250786        0.114285707        0.372529030E-8      0.00000000   
      0.197448969        -17.8910408        -5.41777325        -2.54942727        -1.87698650         7.09077883         7.57862806         7.56458044         8.67960644        0.128571436         0.00000000         0.00000000   
      0.219387740        -17.8171921        -5.31722260        -2.80745173        -1.99555671         7.21047783         7.69883204         7.68788433         8.79593468        0.142857149         0.00000000         0.00000000   
      0.241326511        -17.7360363        -5.21362257        -3.07743335        -2.11509299         7.35430622         7.81777763         7.82870960         8.91861725        0.157142848        0.745058060E-8      0.00000000   
      0.263265282        -17.6477413        -5.09918118        -3.35899305        -2.24013686         7.50356770         7.95469332         7.97831821         9.05356312        0.171428576       -0.745058060E-8      0.00000000   
      0.285204053        -17.5524883        -4.95308685        -3.67264533        -2.36760974         7.65108347         8.11424637         8.14023495         9.20120811        0.185714290       -0.745058060E-8      0.00000000   
      0.307142824        -17.4505062        -4.82427120        -3.96883512        -2.49503493         7.81388664         8.27797699         8.31826687         9.35348892        0.200000003         0.00000000         0.00000000   
      0.329081595        -17.3420486        -4.85945034        -4.09747648        -2.62293124         8.00148296         8.43574524         8.50760460         9.50587177        0.214285716         0.00000000         0.00000000   
      0.351020366        -17.2274170        -5.10497570        -4.01734209        -2.74358940         8.20684719         8.58853340         8.71020794         9.65411949        0.228571415        0.745058060E-8      0.00000000   
      0.372959137        -17.1069660        -5.44385719        -3.83944368        -2.86066055         8.41670990         8.74179268         8.92727757         9.78220654        0.242857143         0.00000000         0.00000000   
      0.394897938        -16.9811020        -5.77805138        -3.63020205        -3.00368738         8.61632538         8.89743328         9.14984798         9.87862301        0.257142872         0.00000000         0.00000000   
      0.416836709        -16.8503189        -6.09860992        -3.42116737        -3.14821768         8.83282757         8.99649334         9.38537025         9.94761467        0.271428585         0.00000000         0.00000000   
      0.438775480        -16.7151833        -6.41139174        -3.30812025        -3.19097590         9.07224846         8.99377251         9.64058781         10.0248642        0.285714298         0.00000000         0.00000000   
      0.460714251        -16.5763721        -6.71723652        -3.33905768        -3.08169508         9.20207310         9.00742435         9.89086246         10.1690817        0.300000012         0.00000000         0.00000000   
      0.482653022        -16.4346886        -7.02153969        -3.44217515        -2.88555455         9.11583805         9.16233540         10.1243429         10.3986359        0.314285696        0.149011612E-7      0.00000000   
      0.504591823        -16.2910824        -7.32075739        -3.54136181        -2.68117666         8.88888264         9.41223717         10.3626480         10.6801577        0.328571439         0.00000000         0.00000000   
      0.526530623        -16.1466789        -7.60801649        -3.62684870        -2.48436689         8.61927032         9.68040466         10.6219940         10.9801445        0.342857152       -0.149011612E-7      0.00000000   
      0.548469424        -16.0028210        -7.88375330        -3.70966983        -2.28303289         8.34427643         9.93983555         10.9110527         11.2737980        0.357142866       -0.149011612E-7      0.00000000   
      0.570408225        -15.8610935        -8.14625549        -3.79078960        -2.07753778         8.06881809         10.1886778         11.2204657         11.5419827        0.371428579       -0.149011612E-7      0.00000000   
      0.592347026        -15.7233629        -8.39133644        -3.86445737        -1.87770247         7.79398251         10.4243431         11.5014105         11.8009605        0.385714293        0.149011612E-7      0.00000000   
      0.614285827        -15.5918026        -8.61729813        -3.92883730        -1.68726492         7.53219652         10.6314421         11.7145519         12.1011553        0.400000006         0.00000000         0.00000000   
      0.636224627        -15.4688988        -8.82308674        -3.98480129        -1.50699234         7.29067564         10.7991543         11.9050570         12.4484491        0.414285690        0.149011612E-7      0.00000000   
      0.658163428        -15.3574276        -9.00863171        -4.02811956        -1.34220719         7.06758118         10.9286203         12.1359262         12.8104763        0.428571433         0.00000000         0.00000000   
      0.680102229        -15.2603683        -9.16962624        -4.06051159        -1.19697297         6.87162447         11.0207872         12.4053745         13.1764774        0.442857146         0.00000000         0.00000000   
      0.702041030        -15.1807528        -9.29557419        -4.09093714        -1.07471502         6.71149111         11.0815659         12.7006016         13.5581999        0.457142830        0.149011612E-7      0.00000000   
      0.723979831        -15.1214371        -9.38574409        -4.11614704       -0.981546879         6.59135914         11.1195040         13.0477943         13.9330091        0.471428543        0.149011612E-7      0.00000000   
      0.745918632        -15.0847864        -9.44357681        -4.12845421       -0.923730195         6.51825714         11.1391897         13.4056787         14.2039289        0.485714287         0.00000000         0.00000000   
      0.767857432        -15.0723820        -9.46344757        -4.13116598       -0.905066490         6.49394608         11.1449547         13.5731058         14.2943077        0.499999970        0.149011612E-7      0.00000000     [M]
      0.790023506        -15.0696335        -9.46036053        -4.14796400       -0.900735855         6.49490499         11.1681137         13.5416479         14.3494787        0.491666645        0.166666359E-1      0.00000000   
      0.812189639        -15.0614100        -9.45143795        -4.19653320       -0.888788283         6.49894953         11.2357435         13.5279360         14.4178467        0.483333260        0.333333164E-1      0.00000000   
      0.834355712        -15.0477953        -9.43615818        -4.27509212       -0.870288789         6.50367165         11.3478756         13.5950994         14.4136810        0.474999934        0.499999672E-1      0.00000000   
      0.856521785        -15.0289412        -9.41417503        -4.38350677       -0.843801975         6.50635004         11.5036421         13.6604204         14.4060326        0.466666609        0.666665882E-1      0.00000000   
      0.878687859        -15.0050631        -9.38550472        -4.51991367       -0.808725476         6.51219034         11.6944065         13.6800442         14.4484730        0.458333254        0.833332241E-1      0.00000000   
      0.900853992        -14.9764357        -9.35025215        -4.68082762       -0.765621245         6.52327776         11.9121046         13.7276220         14.5064859        0.449999869        0.999998748E-1      0.00000000   
      0.923020124        -14.9434147        -9.31016731        -4.86018276       -0.715813756         6.53277540         12.1580782         13.8306971         14.5332108        0.441666543        0.116666555         0.00000000   
      0.945186198        -14.9064417        -9.26446438        -5.05310965       -0.661953926         6.53723288         12.4285650         13.9280787         14.5156536        0.433333158        0.133333176         0.00000000   
      0.967352271        -14.8660460        -9.21010399        -5.26180696       -0.601981878         6.54229116         12.7087755         13.9968958         14.4737587        0.424999833        0.149999797         0.00000000   
      0.989518404        -14.8228607        -9.14928341        -5.48208761       -0.535179019         6.54518843         12.9927282         14.0523262         14.4501505        0.416666478        0.166666463         0.00000000   
       1.01168454        -14.7776384        -9.08684826        -5.70127773       -0.466967791         6.53811884         13.2781734         14.0577173         14.4864178        0.408333153        0.183333114         0.00000000   
       1.03385067        -14.7312641        -9.02081871        -5.91937828       -0.397259563         6.52928734         13.5485201         13.9789391         14.5918446        0.399999768        0.199999765         0.00000000   
       1.05601680        -14.6847630        -8.94610596        -6.14193535       -0.323875278         6.52141333         13.7797928         13.8607883         14.7454319        0.391666442        0.216666356         0.00000000   
       1.07818294        -14.6393175        -8.86781788        -6.35797691       -0.251342028         6.50556231         13.9321461         13.8028641         14.9208460        0.383333057        0.233333066         0.00000000   
       1.10034907        -14.5962667        -8.79179001        -6.55682087       -0.183583349         6.48258638         13.9595785         13.8659496         15.0992937        0.374999732        0.249999717         0.00000000   
       1.12251520        -14.5571175        -8.71566868        -6.74006224       -0.120866194         6.45878601         13.8683271         14.0304899         15.2803783        0.366666347        0.266666353         0.00000000   
       1.14468122        -14.5235310        -8.64103794        -6.90317583       -0.660407171E-1      6.43435431         13.7477303         14.2077618         15.4710302        0.358333051        0.283332974         0.00000000   
       1.16684735        -14.4972773        -8.57978535        -7.03087664       -0.228017978E-1      6.41111851         13.6946030         14.3107948         15.6630468        0.349999696        0.299999595         0.00000000   
       1.18901348        -14.4801998        -8.54056454        -7.11173820        0.547605054E-2      6.39477396         13.6936979         14.3580656         15.8079605        0.341666341        0.316666275         0.00000000   
       1.21117961        -14.4741192        -8.52692699        -7.13972950        0.155470241E-1      6.38854837         13.6978025         14.3766642         15.8615866        0.333332986        0.333332956         0.00000000     [K]
       1.23334575        -14.4807320        -8.53799629        -7.11350155        0.445599854E-2      6.39625549         13.6925573         14.3516140         15.8080664        0.324999660        0.324999630         0.00000000   
       1.25551188        -14.5014858        -8.56005192        -7.04471493       -0.303277932E-1      6.42219496         13.7032862         14.2428541         15.6867056        0.316666335        0.316666245         0.00000000   
       1.27767801        -14.5374508        -8.57973480        -6.94535303       -0.901912525E-1      6.47055674         13.7713718         14.0001698         15.5821486        0.308333009        0.308332980         0.00000000   
       1.29984415        -14.5892105        -8.58754730        -6.82351398       -0.176000863         6.54166317         13.8166494         13.7060976         15.4818907        0.299999684        0.299999654         0.00000000   
       1.32201028        -14.6568098        -8.57494736        -6.68761730       -0.286824793         6.63624096         13.6928692         13.5169992         15.2687082        0.291666359        0.291666329         0.00000000   
       1.34417641        -14.7397480        -8.53965092        -6.54131603       -0.419880748         6.75773191         13.3911762         13.4336815         14.9107685        0.283333033        0.283332944         0.00000000   
       1.36634254        -14.8370285        -8.48083591        -6.38630819       -0.572726011         6.90351582         13.0211096         13.3311224         14.4875307        0.274999708        0.274999678         0.00000000   
       1.38850868        -14.9472675        -8.39693832        -6.22509527       -0.742908955         7.06963301         12.6490135         13.1431704         14.0573463        0.266666383        0.266666353         0.00000000   
       1.41067481        -15.0688143        -8.29174900        -6.05528498       -0.927726805         7.25559568         12.2777729         12.8817711         13.6415215        0.258333057        0.258333027         0.00000000   
       1.43284094        -15.1998758        -8.16800213        -5.87443256        -1.12588131         7.45843458         11.9082546         12.5755243         13.2448187        0.249999717        0.249999702         0.00000000   
       1.45500696        -15.3386183        -8.02117634        -5.69108725        -1.33264792         7.67274094         11.5499697         12.2511597         12.8568354        0.241666406        0.241666421         0.00000000   
       1.47717309        -15.4832611        -7.85232210        -5.50854540        -1.54327309         7.89833212         11.2013006         11.9251690         12.4770184        0.233333096        0.233333081         0.00000000   
       1.49933922        -15.6321230        -7.66836739        -5.31927586        -1.75822675         8.13317108         10.8611536         11.5991497         12.1122646        0.224999756        0.224999741         0.00000000   
       1.52150536        -15.7836561        -7.47594976        -5.12024021        -1.97401249         8.37563419         10.5284500         11.2795258         11.7619495        0.216666445        0.216666400         0.00000000   
       1.54367149        -15.9364681        -7.27180910        -4.91696072        -2.18867397         8.62080479         10.2045240         10.9775982         11.4222317        0.208333105        0.208333090         0.00000000   
       1.56583762        -16.0893135        -7.04734039        -4.71390057        -2.40684509         8.85329437         9.89851284         10.6936626         11.0955009        0.199999794        0.199999779         0.00000000   
       1.58800375        -16.2410984        -6.80770683        -4.51442432        -2.62065840         9.07209206         9.60329914         10.4274426         10.7827196        0.191666454        0.191666439         0.00000000   
       1.61016989        -16.3908558        -6.56089067        -4.32266903        -2.81881952         9.27304554         9.31137943         10.1884890         10.4859686        0.183333129        0.183333144         0.00000000   
       1.63233602        -16.5377464        -6.30483198        -4.11879158        -3.02420926         9.36561394         9.08816242         9.96471405         10.2362556        0.174999818        0.174999803         0.00000000   
       1.65450215        -16.6810379        -6.03786230        -3.88283825        -3.25958085         9.23251057         9.02102852         9.71855736         10.0814466        0.166666493        0.166666478         0.00000000   
       1.67666829        -16.8200932        -5.77729225        -3.68064737        -3.44306874         8.94060993         9.03450871         9.44930744         10.0055037        0.158333167        0.158333153         0.00000000   
       1.69883442        -16.9543495        -5.53104782        -3.62845683        -3.45195651         8.67406273         8.96103382         9.19593525         9.93115425        0.149999842        0.149999827         0.00000000   
       1.72100055        -17.0833282        -5.24086142        -3.76876211        -3.30364919         8.47551632         8.78522301         8.96954346         9.82122517        0.141666517        0.141666502         0.00000000   
       1.74316669        -17.2066097        -4.89714193        -4.00277472        -3.10834622         8.27751446         8.60243893         8.75228310         9.68393040        0.133333191        0.133333206         0.00000000   
       1.76533282        -17.3238258        -4.68143415        -4.09567451        -2.92130899         8.06355000         8.44524765         8.54118156         9.53401947        0.124999873        0.124999851         0.00000000   
       1.78749895        -17.4346542        -4.73578930        -3.90616035        -2.74397993         7.85761356         8.29563999         8.34619904         9.38225174        0.116666548        0.116666541         0.00000000   
       1.80966508        -17.5388184        -4.92696476        -3.57575345        -2.57050991         7.67266989         8.14470673         8.16758156         9.22861290        0.108333223        0.108333200         0.00000000   
       1.83183122        -17.6360798        -5.07904434        -3.28276539        -2.40115118         7.50882435         7.99403048         7.99852657         9.07636642        0.999998972E-1     0.999998897E-1      0.00000000   
       1.85399735        -17.7262211        -5.19170904        -3.02874327        -2.23753166         7.36037445         7.84853745         7.84141779         8.93664742        0.916665792E-1     0.916665643E-1      0.00000000   
       1.87616348        -17.8090591        -5.30812645        -2.77111125        -2.08215022         7.22086525         7.71524191         7.70214176         8.81301594        0.833332464E-1     0.833332390E-1      0.00000000   
       1.89832962        -17.8844376        -5.41365433        -2.52158403        -1.94127786         7.09385157         7.59542942         7.57851601         8.69595051        0.749999210E-1     0.749999136E-1      0.00000000   
       1.92049575        -17.9522133        -5.49490213        -2.29842854        -1.81357419         6.98723507         7.48407793         7.46507645         8.58300781        0.666665956E-1     0.666666031E-1      0.00000000   
       1.94266188        -18.0122738        -5.56620502        -2.09466481        -1.69537473         6.89168119         7.38639688         7.36192989         8.48444366        0.583332740E-1     0.583332703E-1      0.00000000   
       1.96482801        -18.0645142        -5.63961744        -1.89719355        -1.59153819         6.79981709         7.30567837         7.27543688         8.40485954        0.499999486E-1     0.499999449E-1      0.00000000   
       1.98699415        -18.1088524        -5.71095133        -1.71034050        -1.50578225         6.72556305         7.23227835         7.20629644         8.33551311        0.416666232E-1     0.416666195E-1      0.00000000   
       2.00916028        -18.1452236        -5.76746368        -1.55484402        -1.43384469         6.67378616         7.16541100         7.14816999         8.27213955        0.333332978E-1     0.333333015E-1      0.00000000   
       2.03132629        -18.1735649        -5.80185413        -1.44263339        -1.37455213         6.62776756         7.11870623         7.09920263         8.22612953        0.249999743E-1     0.249999724E-1      0.00000000   
       2.05349231        -18.1938400        -5.82372189        -1.36469030        -1.33031201         6.58616304         7.09303522         7.06316185         8.20069790        0.166666489E-1     0.166666508E-1      0.00000000   
       2.07565832        -18.2060165        -5.84008789        -1.31205142        -1.30540121         6.55898571         7.08025360         7.04101610         8.18436909        0.833332445E-2     0.833332539E-2      0.00000000   
       2.09782434        -18.2100792        -5.84630823        -1.29197872        -1.29868782         6.54921770         7.07676983         7.03318930         8.17692471         0.00000000         0.00000000         0.00000000     [G]
# 
# 07/27/2026 at 12:08 ypp @ compute-9-01 [start]
# 07/27/2026 at 12:08                    [end]
#
# .-Input file  GW_(QP)bands.in
# | infver                           # [R] Input file variables verbosity
# | electrons                        # [R] Electronic properties
# | bnds                             # [R] Bands
# | PROJECT_mode= "none"             # Instruct ypp how to project the DOS. ATOM, LINE, PLANE.
# | INTERP_mode= "BOLTZ"             # Interpolation mode (NN=nearest point, BOLTZ=boltztrap aproach)
# | INTERP_Shell_Fac= 20.00000       # The bigger it is a higher number of shells is used
# | INTERP_NofNN= 1                  # Number of Nearest sites in the NN method
# | OutputAlat= 0.000000             # [a.u.] Lattice constant used for "alat" ouput format
# | cooIn= "rlu"                     # Points coordinates (in) cc/rlu/iku/alat
# | cooOut= "rlu"                    # Points coordinates (out) cc/rlu/iku/alat
# | % BANDS_bands
# |   1 |  8 |                           # Number of bands
# | %
# | CIRCUIT_E_DB_path= "none"        # SAVE obtained from the QE `bands` run (alternative to %BANDS_kpts)
# | BANDS_path= " G Mmp Kpp G"       # High-Symmetry points labels (G,M,K,L...) also using composed positions (0.5xY+0.5xL).
# | BANDS_steps=  40                 # Number of divisions
# | #BANDS_built_in                # Print the bands of the generating points of the circuit using the nearest internal point
# | GfnQPdb= "E < GW0/ndb.QP"        # [EXTQP G] Database action
# | %BANDS_kpts                      # K points of the bands circuit
# |  0.000000| 0.000000| 0.000000|
# |  0.500000| 0.000000| 0.000000|
# |  0.333333| 0.333333| 0.000000|
# |  0.000000| 0.000000| 0.000000|
# | %
