#                                                                     
# $$\                                                                 
# $$ |                                                                
# $$ |     $$\   $$\ $$$$$$\$$$$\   $$$$$$\  $$$$$$$\                 
# $$ |     $$ |  $$ |$$  _$$  _$$\ $$  __$$\ $$  __$$\                
# $$ |     $$ |  $$ |$$ / $$ / $$ |$$$$$$$$ |$$ |  $$ |               
# $$ |     $$ |  $$ |$$ | $$ | $$ |$$   ____|$$ |  $$ |               
# $$$$$$$$\\$$$$$$  |$$ | $$ | $$ |\$$$$$$$\ $$ |  $$ |               
# \________|\______/ \__| \__| \__| \_______|\__|  \__|               
#                                                                     
#                   Fork Lumen 2.1.0                                  
#                   Branch is nlresp                                  
#        MPI+OpenMP+SLK+SLEPC+HDF5_MPI_IO Build                       
#               http://www.lumen-code.org                             
#
#     |k| (a.u.)         b1                 b2                 b3                 b4                 b5                 b6                 b7                 b8                k_x (rlu)          k_y (rlu)          k_z (rlu)
#
       0.00000000        -17.6316948        -5.30004072        -1.29466701        -1.29688847         4.84332228         5.77001524         6.08480263         7.00925446         0.00000000         0.00000000         0.00000000     [G]
      0.21938773E-01     -17.627716         -5.2939610         -1.3143553         -1.3034207          4.8528919          5.7734284          6.0924768          7.0165701         0.14285713E-01     0.46566129E-09      0.0000000    
      0.43877546E-01     -17.615788         -5.2782636         -1.3662940         -1.3271129          4.8791552          5.7864027          6.1136923          7.0333862         0.28571427E-01     0.93132257E-09      0.0000000    
      0.658163205E-1     -17.5959263        -5.25698376        -1.44418156        -1.36879921         4.91642666         5.81495047         6.14717150         7.06116915        0.428571440E-1    -0.186264515E-8      0.00000000   
      0.877550915E-1     -17.5681591        -5.22299004        -1.55708694        -1.42426085         4.95728016         5.86530590         6.19276524         7.10676718        0.571428537E-1     0.186264515E-8      0.00000000   
      0.109693870        -17.5325317        -5.17203426        -1.71060407        -1.48917663         5.00955629         5.93043470         6.24932671         7.16399908        0.714285746E-1      0.00000000         0.00000000   
      0.131632641        -17.4890919        -5.11089182        -1.89170957        -1.56630051         5.08218575         6.00025702         6.32224512         7.23092222        0.857142881E-1    -0.372529030E-8      0.00000000   
      0.153571412        -17.4379082        -5.04198265        -2.09165192        -1.65812361         5.17409134         6.07444906         6.41245413         7.31111240        0.100000001         0.00000000         0.00000000   
      0.175510183        -17.3790646        -4.96254587        -2.31214738        -1.76166892         5.27807903         6.16199398         6.51075792         7.40433741        0.114285707        0.372529030E-8      0.00000000   
      0.197448969        -17.3126583        -4.87150574        -2.55178261        -1.87536991         5.38509464         6.27191210         6.61638737         7.51129961        0.128571436         0.00000000         0.00000000   
      0.219387740        -17.2388077        -4.77095461        -2.80971408        -1.99399805         5.50484610         6.39213991         6.73968649         7.62749338        0.142857149         0.00000000         0.00000000   
      0.241326511        -17.1576538        -4.66735506        -3.07959914        -2.11359811         5.64872980         6.51112509         6.88048172         7.75004768        0.157142848        0.745058060E-8      0.00000000   
      0.263265282        -17.0693588        -4.55291319        -3.36106300        -2.23871136         5.79804373         6.64808321         7.03003407         7.88487101        0.171428576       -0.745058060E-8      0.00000000   
      0.285204053        -16.9741058        -4.40681934        -3.67461872        -2.36625648         5.94560862         6.80768251         7.19189692         8.03239155        0.185714290       -0.745058060E-8      0.00000000   
      0.307142824        -16.8721218        -4.27800369        -3.97070932        -2.49375558         6.10845709         6.97146368         7.36990976         8.18453789        0.200000003         0.00000000         0.00000000   
      0.329081595        -16.7636662        -4.31318283        -4.09924841        -2.62172771         6.29609966         7.12928486         7.55923462         8.33677959        0.214285716         0.00000000         0.00000000   
      0.351020366        -16.6490345        -4.55870819        -4.01900816        -2.74246430         6.50151443         7.28212976         7.76178408         8.48488903        0.228571415        0.745058060E-8      0.00000000   
      0.372959137        -16.5285816        -4.89758968        -3.84100389        -2.85961366         6.71142960         7.43544626         7.97876358         8.61284351        0.242857143         0.00000000         0.00000000   
      0.394897938        -16.4027195        -5.23178387        -3.63165998        -3.00271654         6.91109324         7.59113979         8.20124912         8.70912170        0.257142872         0.00000000         0.00000000   
      0.416836709        -16.2719345        -5.55234241        -3.42252874        -3.14732051         7.12763739         7.69024992         8.43671227         8.77797031        0.271428585         0.00000000         0.00000000   
      0.438775480        -16.1367989        -5.86512423        -3.30938745        -3.19015098         7.36709881         7.68758154         8.69188118         8.85507679        0.285714298         0.00000000         0.00000000   
      0.460714251        -15.9979887        -6.17096853        -3.34023333        -3.08094168         7.49696398         7.70129251         8.94211388         8.99915886        0.300000012         0.00000000         0.00000000   
      0.482653022        -15.8563061        -6.47527170        -3.44326305        -2.88487101         7.41076946         7.85626268         9.17555523         9.22858429        0.314285696        0.149011612E-7      0.00000000   
      0.504591823        -15.7126989        -6.77449036        -3.54236579        -2.68055940         7.18384886         8.10622025         9.41382980         9.50998592        0.328571439         0.00000000         0.00000000   
      0.526530623        -15.5682955        -7.06174898        -3.62777352        -2.48381209         6.91426992         8.37444305         9.67314816         9.80986023        0.342857152       -0.149011612E-7      0.00000000   
      0.548469424        -15.4244375        -7.33748579        -3.71052170        -2.28253651         6.63930511         8.63392639         9.96217823         10.1034069        0.357142866       -0.149011612E-7      0.00000000   
      0.570408225        -15.2827101        -7.59998798        -3.79157424        -2.07709503         6.36387300         8.88281822         10.2715635         10.3714914        0.371428579       -0.149011612E-7      0.00000000   
      0.592347026        -15.1449795        -7.84506893        -3.86518073        -1.87730849         6.08906031         9.11853218         10.5524836         10.6303787        0.385714293        0.149011612E-7      0.00000000   
      0.614285827        -15.0134192        -8.07103062        -3.92950559        -1.68691516         5.82729483         9.32567406         10.7656021         10.9304924        0.400000006         0.00000000         0.00000000   
      0.636224627        -14.8905163        -8.27681923        -3.98542047        -1.50668204         5.58579302         9.49342346         10.9560862         11.2777128        0.414285690        0.149011612E-7      0.00000000   
      0.658163428        -14.7790442        -8.46236420        -4.02869654        -1.34193087         5.36271429         9.62292194         11.1869373         11.6396780        0.428571433         0.00000000         0.00000000   
      0.680102229        -14.6819849        -8.62335873        -4.06105375        -1.19672453         5.16676998         9.71511555         11.4563694         12.0056276        0.442857146         0.00000000         0.00000000   
      0.702041030        -14.6023693        -8.74930668        -4.09145260        -1.07448840         5.00664473         9.77591705         11.7515869         12.3873091        0.457142830        0.149011612E-7      0.00000000   
      0.723979831        -14.5430546        -8.83947659        -4.11664295       -0.981336117         4.88651943         9.81387138         12.0987711         12.7620897        0.471428543        0.149011612E-7      0.00000000   
      0.745918632        -14.5064039        -8.89730930        -4.12893915       -0.923529208         4.81342125         9.83356667         12.4566507         13.0329924        0.485714287         0.00000000         0.00000000   
      0.767857432        -14.4939995        -8.91718006        -4.13164663       -0.904868960         4.78911209         9.83933544         12.6240749         13.1233654        0.499999970        0.149011612E-7      0.00000000     [M]
      0.790023506        -14.4912500        -8.91409302        -4.14844418       -0.900538385         4.79007101         9.86249542         12.5926208         13.1785336        0.491666645        0.166666359E-1      0.00000000   
      0.812189639        -14.4830265        -8.90517044        -4.19701052       -0.888592541         4.79411650         9.93012714         12.5789137         13.2468891        0.483333260        0.333333164E-1      0.00000000   
      0.834355712        -14.4694118        -8.88989067        -4.27556324       -0.870097637         4.79884100         10.0422649         12.6460829         13.2427063        0.474999934        0.499999672E-1      0.00000000   
      0.856521785        -14.4505577        -8.86790752        -4.38396931       -0.843616903         4.80152273         10.1980410         12.7114143         13.2350368        0.466666609        0.666665882E-1      0.00000000   
      0.878687859        -14.4266796        -8.83923721        -4.52036619       -0.808547199         4.80736542         10.3888206         12.7310572         13.2774506        0.458333254        0.833332241E-1      0.00000000   
      0.900853992        -14.3980522        -8.80398464        -4.68126822       -0.765451550         4.81845570         10.6065340         12.7786579         13.3354311        0.449999869        0.999998748E-1      0.00000000   
      0.923020124        -14.3650312        -8.76389980        -4.86060762       -0.715654969         4.82795668         10.8525238         12.8817558         13.3621159        0.441666543        0.116666555         0.00000000   
      0.945186198        -14.3280582        -8.71819687        -5.05351686       -0.661808074         4.83241844         11.1230268         12.9791565         13.3445187        0.433333158        0.133333176         0.00000000   
      0.967352271        -14.2876625        -8.66383648        -5.26219511       -0.601850331         4.83748150         11.4032583         13.0479870         13.3025818        0.424999833        0.149999797         0.00000000   
      0.989518404        -14.2444773        -8.60301590        -5.48245621       -0.535063088         4.84038448         11.6872339         13.1034269         13.2789326        0.416666478        0.166666463         0.00000000   
       1.01168454        -14.1992550        -8.54058075        -5.70162535       -0.466868341         4.83331966         11.9727049         13.1088238         13.3151598        0.408333153        0.183333114         0.00000000   
       1.03385067        -14.1528807        -8.47455120        -5.91970491       -0.397177100         4.82449341         12.2430744         13.0300503         13.4205465        0.399999768        0.199999765         0.00000000   
       1.05601680        -14.1063805        -8.39983845        -6.14224148       -0.323809803         4.81662464         12.4743690         12.9119005         13.5740929        0.391666442        0.216666356         0.00000000   
       1.07818294        -14.0609341        -8.32155037        -6.35826302       -0.251292855         4.80077934         12.6267414         12.8539743         13.7494688        0.383333057        0.233333066         0.00000000   
       1.10034907        -14.0178833        -8.24552250        -6.55708838       -0.183548793         4.77780771         12.6541910         12.9170551         13.9278822        0.374999732        0.249999717         0.00000000   
       1.12251520        -13.9787350        -8.16940117        -6.74031448       -0.120843917         4.75400925         12.5629568         13.0815926         14.1089382        0.366666347        0.266666353         0.00000000   
       1.14468122        -13.9451475        -8.09476948        -6.90341568       -0.660284832E-1      4.72958040         12.4423742         13.2588673         14.2995663        0.358333051        0.283332974         0.00000000   
       1.16684735        -13.9188938        -8.03351784        -7.03110743       -0.227974523E-1      4.70634651         12.3892593         13.3618994         14.4915648        0.349999696        0.299999595         0.00000000   
       1.18901348        -13.9018164        -7.99429750        -7.11196280        0.547495438E-2      4.69000340         12.3883610         13.4091702         14.6364689        0.341666341        0.316666275         0.00000000   
       1.21117961        -13.8957357        -7.98065948        -7.13995266        0.155438343E-1      4.68377781         12.3924694         13.4277697         14.6900911        0.333332986        0.333332956         0.00000000     [K]
       1.23334575        -13.9023485        -7.99172926        -7.11372662        0.445500296E-2      4.69148445         12.3872204         13.4027185         14.6365747        0.324999660        0.324999630         0.00000000   
       1.25551188        -13.9231024        -8.01378441        -7.04494667       -0.303226840E-1      4.71742201         12.3979425         13.2939587         14.5152254        0.316666335        0.316666245         0.00000000   
       1.27767801        -13.9590673        -8.03346729        -6.94559622       -0.901765004E-1      4.76578140         12.4660139         13.0512743         14.4106894        0.308333009        0.308332980         0.00000000   
       1.29984415        -14.0108280        -8.04127979        -6.82377386       -0.175972566         4.83688402         12.5112734         12.7572021         14.3104601        0.299999684        0.299999654         0.00000000   
       1.32201028        -14.0784264        -8.02867985        -6.68789864       -0.286778301         4.93145657         12.3874702         12.5681057         14.0973167        0.291666359        0.291666329         0.00000000   
       1.34417641        -14.1613646        -7.99338341        -6.54162455       -0.419811279         5.05293989         12.0857525         12.4847946         13.7394257        0.283333033        0.283332944         0.00000000   
       1.36634254        -14.2586451        -7.93456841        -6.38664961       -0.572629273         5.19871378         11.7156563         12.3822432         13.3162460        0.274999708        0.274999678         0.00000000   
       1.38850868        -14.3688841        -7.85067081        -6.22547579       -0.742781103         5.36481905         11.3435240         12.1943007         12.8861275        0.266666383        0.266666353         0.00000000   
       1.41067481        -14.4904308        -7.74548197        -6.05570984       -0.927563727         5.55076742         10.9722433         11.9329119         12.4703770        0.258333057        0.258333027         0.00000000   
       1.43284094        -14.6214924        -7.62173462        -5.87490654        -1.12567878         5.75359011         10.6026773         11.6266756         12.0737543        0.249999717        0.249999702         0.00000000   
       1.45500696        -14.7602348        -7.47490931        -5.69161510        -1.33240175         5.96787882         10.2443419         11.3023233         11.6858616        0.241666406        0.241666421         0.00000000   
       1.47717309        -14.9048777        -7.30605459        -5.50913286        -1.54297948         6.19344950         9.89562035         10.9763460         11.3061428        0.233333096        0.233333081         0.00000000   
       1.49933922        -15.0537395        -7.12209988        -5.31992817        -1.75788176         6.42826605         9.55541897         10.6503401         10.9414949        0.224999756        0.224999741         0.00000000   
       1.52150536        -15.2052727        -6.92968225        -5.12096310        -1.97361171         6.67070389         9.22265911         10.3307304         10.5912943        0.216666445        0.216666400         0.00000000   
       1.54367149        -15.3580847        -6.72554159        -4.91775942        -2.18821311         6.91584730         8.89867496         10.0288172         10.2516985        0.208333105        0.208333090         0.00000000   
       1.56583762        -15.5109301        -6.50107288        -4.71477890        -2.40632081         7.14830637         8.59260178         9.74490166         9.92509365        0.199999794        0.199999779         0.00000000   
       1.58800375        -15.6627159        -6.26143932        -4.51538754        -2.62006807         7.36707067         8.29732609         9.47870827         9.61244202        0.191666454        0.191666439         0.00000000   
       1.61016989        -15.8124733        -6.01462269        -4.32372189        -2.81816077         7.56798840         8.00534344         9.23978806         9.31582737        0.183333129        0.183333144         0.00000000   
       1.63233602        -15.9593630        -5.75856447        -4.11993742        -3.02347875         7.66051722         7.78206348         9.01605129         9.06625462        0.174999818        0.174999803         0.00000000   
       1.65450215        -16.1026554        -5.49159479        -3.88408065        -3.25877595         7.52737284         7.71486664         8.76993656         8.91158676        0.166666493        0.166666478         0.00000000   
       1.67666829        -16.2417088        -5.23102474        -3.68198872        -3.44218683         7.23542881         7.72828293         8.50073242         8.83578682        0.158333167        0.158333153         0.00000000   
       1.69883442        -16.3759651        -4.98478031        -3.62990117        -3.45099545         6.96883631         7.65474415         8.24740887         8.76158333        0.149999842        0.149999827         0.00000000   
       1.72100055        -16.5049438        -4.69459391        -3.77031183        -3.30260849         6.77024031         7.47887468         8.02106762         8.65180111        0.141666517        0.141666502         0.00000000   
       1.74316669        -16.6282272        -4.35087442        -4.00443029        -3.10722566         6.57219028         7.29603291         7.80385733         8.51465321        0.133333191        0.133333206         0.00000000   
       1.76533282        -16.7454433        -4.13516617        -4.09743690        -2.92010999         6.35817671         7.13878727         7.59280872         8.36488819        0.124999873        0.124999851         0.00000000   
       1.78749895        -16.8562717        -4.18952179        -3.90802884        -2.74270344         6.15218878         6.98912954         7.39787769         8.21326447        0.116666548        0.116666541         0.00000000   
       1.80966508        -16.9604359        -4.38069725        -3.57772660        -2.56915784         5.96719313         6.83814812         7.21930504         8.05976772        0.108333223        0.108333200         0.00000000   
       1.83183122        -17.0576954        -4.53277683        -3.28483987        -2.39972639         5.80329657         6.68742800         7.05028439         7.90766144        0.999998972E-1     0.999998897E-1      0.00000000   
       1.85399735        -17.1478386        -4.64544153        -3.03091550        -2.23603797         5.65479565         6.54189587         6.89319944         7.76808023        0.916665792E-1     0.916665643E-1      0.00000000   
       1.87616348        -17.2306767        -4.76185894        -2.77337694        -2.08059335         5.51523781         6.40856791         6.75393724         7.64458370        0.833332464E-1     0.833332390E-1      0.00000000   
       1.89832962        -17.3060532        -4.86738682        -2.52393484        -1.93966460         5.38817692         6.28872967         6.63031006         7.52764750        0.749999210E-1     0.749999136E-1      0.00000000   
       1.92049575        -17.3738308        -4.94863462        -2.30085373        -1.81191289         5.28151846         6.17735863         6.51684856         7.41482639        0.666665956E-1     0.666666031E-1      0.00000000   
       1.94266188        -17.4338913        -5.01993752        -2.09715247        -1.69367480         5.18592978         6.07965660         6.41365910         7.31637430        0.583332740E-1     0.583332703E-1      0.00000000   
       1.96482801        -17.4861317        -5.09334993        -1.89973199        -1.58980882         5.09403515         5.99890995         6.32710934         7.23688126        0.499999486E-1     0.499999449E-1      0.00000000   
       1.98699415        -17.5304699        -5.16468382        -1.71292090        -1.50402999         5.01975346         5.92547846         6.25791693         7.16760635        0.416666232E-1     0.416666195E-1      0.00000000   
       2.00916028        -17.5668392        -5.22119617        -1.55746281        -1.43206942         4.96794558         5.85859680         6.19976950         7.10429525        0.333332978E-1     0.333333015E-1      0.00000000   
       2.03132629        -17.5951805        -5.25558662        -1.44529009        -1.37275255         4.92189360         5.81190634         6.15082216         7.05834866        0.249999743E-1     0.249999724E-1      0.00000000   
       2.05349231        -17.6154575        -5.27745438        -1.36737466        -1.32849765         4.88026476         5.78626585         6.11480761         7.03297615        0.166666489E-1     0.166666508E-1      0.00000000   
       2.07565832        -17.6276321        -5.29382038        -1.31474245        -1.30359304         4.85308552         5.77349901         6.09264898         7.01668692        0.833332445E-2     0.833332539E-2      0.00000000   
       2.09782434        -17.6316948        -5.30004072        -1.29466701        -1.29688847         4.84332228         5.77001524         6.08480263         7.00925446         0.00000000         0.00000000         0.00000000     [G]
# 
# 07/27/2026 at 12:08 ypp @ compute-9-01 [start]
# 07/27/2026 at 12:08                    [end]
#
# .-Input file  GW_(KS)bands.in
# | infver                           # [R] Input file variables verbosity
# | electrons                        # [R] Electronic properties
# | bnds                             # [R] Bands
# | PROJECT_mode= "none"             # Instruct ypp how to project the DOS. ATOM, LINE, PLANE.
# | INTERP_mode= "BOLTZ"             # Interpolation mode (NN=nearest point, BOLTZ=boltztrap aproach)
# | INTERP_Shell_Fac= 20.00000       # The bigger it is a higher number of shells is used
# | INTERP_NofNN= 1                  # Number of Nearest sites in the NN method
# | OutputAlat= 0.000000             # [a.u.] Lattice constant used for "alat" ouput format
# | cooIn= "rlu"                     # Points coordinates (in) cc/rlu/iku/alat
# | cooOut= "rlu"                    # Points coordinates (out) cc/rlu/iku/alat
# | % BANDS_bands
# |   1 |  8 |                           # Number of bands
# | %
# | CIRCUIT_E_DB_path= "none"        # SAVE obtained from the QE `bands` run (alternative to %BANDS_kpts)
# | BANDS_path= " G Mmp Kpp G"       # High-Symmetry points labels (G,M,K,L...) also using composed positions (0.5xY+0.5xL).
# | BANDS_steps=  40                 # Number of divisions
# | #BANDS_built_in                # Print the bands of the generating points of the circuit using the nearest internal point
# | %BANDS_kpts                      # K points of the bands circuit
# |  0.000000| 0.000000| 0.000000|
# |  0.500000| 0.000000| 0.000000|
# |  0.333333| 0.333333| 0.000000|
# |  0.000000| 0.000000| 0.000000|
# | %
